[1 - Suricata-Main] 2026-04-12 01:00:44 Notice: suricata: This is Suricata version 8.0.4 RELEASE running in USER mode
[1 - Suricata-Main] 2026-04-12 01:00:44 Info: cpu: CPUs/cores online: 4
[1 - Suricata-Main] 2026-04-12 01:00:44 Info: suricata: Setting engine mode to IDS mode by default
[1 - Suricata-Main] 2026-04-12 01:00:44 Info: exception-policy: master exception-policy set to: auto
[1 - Suricata-Main] 2026-04-12 01:00:45 Info: logopenfile: fast output device (regular) initialized: fast.log
[1 - Suricata-Main] 2026-04-12 01:00:45 Info: logopenfile: eve-log output device (regular) initialized: eve.json
[1 - Suricata-Main] 2026-04-12 01:00:45 Info: logopenfile: stats output device (regular) initialized: stats.log
[1 - Suricata-Main] 2026-04-12 01:00:45 Error: detect-parse: quotes on tls.version keyword that doesn't support them: 'tls.version'
[1 - Suricata-Main] 2026-04-12 01:00:45 Error: detect: error parsing signature "alert tls any any -> 192.168.20.10 8883   (msg:"PFE [INFO] TLS connection to MQTT broker 8883";    tls.version:"TLS 1.3";    sid:1000001; rev:2;)" from file /rules/local.rules at line 7
[1 - Suricata-Main] 2026-04-12 01:00:45 Error: detect-parse: unknown rule keyword 'ja4'.
[1 - Suricata-Main] 2026-04-12 01:00:45 Error: detect: error parsing signature "alert tls any any -> 192.168.20.10 8883   (msg:"PFE [INFO] Known fleet-sim client JA4 fingerprint";    ja4:"t13i030900_55b375c5d22e_3217d83565aa";    sid:1000002; rev:1;)" from file /rules/local.rules at line 14
[1 - Suricata-Main] 2026-04-12 01:00:45 Error: detect-tls-version: invalid tls.version option
[1 - Suricata-Main] 2026-04-12 01:00:45 Error: detect: error parsing signature "alert tls any any -> 192.168.20.10 8883   (msg:"PFE [ALERT] TLS downgrade attempt - version below 1.3";    tls.version:!"TLS 1.3";    sid:1000020; rev:1;)" from file /rules/local.rules at line 42
[1 - Suricata-Main] 2026-04-12 01:00:45 Info: detect: 1 rule files processed. 3 rules successfully loaded, 3 rules failed, 0 rules skipped
[1 - Suricata-Main] 2026-04-12 01:00:45 Info: threshold-config: Threshold config parsed: 0 rule(s) found
[1 - Suricata-Main] 2026-04-12 01:00:45 Info: detect: 3 signatures processed. 0 are IP-only rules, 0 are inspecting packet payload, 1 inspect application layer, 0 are decoder event only
[1 - Suricata-Main] 2026-04-12 01:00:45 Warning: detect: rule 1000010: SYN-only to port(s) 8883:8883 w/o direction specified, disabling for toclient direction
[16 - RX#01] 2026-04-12 01:00:45 Info: pcap: Starting file run for /data/mqtt_tls.pcap
[1 - Suricata-Main] 2026-04-12 01:00:45 Notice: threads: Threads created -> RX: 1 W: 4 FM: 1 FR: 1   Engine started.
[16 - RX#01] 2026-04-12 01:00:45 Info: checksum: No packets with invalid checksum, assuming checksum offloading is NOT used
[16 - RX#01] 2026-04-12 01:00:45 Info: pcap: pcap file /data/mqtt_tls.pcap end of file reached (pcap err code 0)
[1 - Suricata-Main] 2026-04-12 01:00:45 Notice: suricata: Signal Received.  Stopping engine.
[1 - Suricata-Main] 2026-04-12 01:00:45 Info: suricata: time elapsed 0.072s
[16 - RX#01] 2026-04-12 01:00:45 Notice: pcap: read 1 file, 1748 packets, 754415 bytes
[1 - Suricata-Main] 2026-04-12 01:00:45 Info: counters: Alerts: 15
